###############################################################################
#
# IAR ELF Linker V8.30.1.114/W32 for ARM                  13/Jan/2020  15:09:57
# Copyright 2007-2018 IAR Systems AB.
#
#    Output file  =  E:\Robocon_Value\Chassis\EWARM\Chassis\Exe\Chassis.out
#    Map file     =  E:\Robocon_Value\Chassis\EWARM\Chassis\List\Chassis.map
#    Command line =  
#        -f C:\Users\DELL\AppData\Local\Temp\EW3147.tmp
#        (E:\Robocon_Value\Chassis\EWARM\Chassis\Obj\adc.o
#        E:\Robocon_Value\Chassis\EWARM\Chassis\Obj\can.o
#        E:\Robocon_Value\Chassis\EWARM\Chassis\Obj\can_func.o
#        E:\Robocon_Value\Chassis\EWARM\Chassis\Obj\can_utils.o
#        E:\Robocon_Value\Chassis\EWARM\Chassis\Obj\chassis.o
#        E:\Robocon_Value\Chassis\EWARM\Chassis\Obj\chassis_handle.o
#        E:\Robocon_Value\Chassis\EWARM\Chassis\Obj\cmd.o
#        E:\Robocon_Value\Chassis\EWARM\Chassis\Obj\cmd_func.o
#        E:\Robocon_Value\Chassis\EWARM\Chassis\Obj\configure.o
#        E:\Robocon_Value\Chassis\EWARM\Chassis\Obj\dma.o
#        E:\Robocon_Value\Chassis\EWARM\Chassis\Obj\flags.o
#        E:\Robocon_Value\Chassis\EWARM\Chassis\Obj\flash.o
#        E:\Robocon_Value\Chassis\EWARM\Chassis\Obj\gpio.o
#        E:\Robocon_Value\Chassis\EWARM\Chassis\Obj\hash.o
#        E:\Robocon_Value\Chassis\EWARM\Chassis\Obj\karman.o
#        E:\Robocon_Value\Chassis\EWARM\Chassis\Obj\kickball.o
#        E:\Robocon_Value\Chassis\EWARM\Chassis\Obj\laser.o
#        E:\Robocon_Value\Chassis\EWARM\Chassis\Obj\lcd.o
#        E:\Robocon_Value\Chassis\EWARM\Chassis\Obj\main.o
#        E:\Robocon_Value\Chassis\EWARM\Chassis\Obj\motor_driver.o
#        E:\Robocon_Value\Chassis\EWARM\Chassis\Obj\point.o
#        E:\Robocon_Value\Chassis\EWARM\Chassis\Obj\point_parser.o
#        E:\Robocon_Value\Chassis\EWARM\Chassis\Obj\robomaster.o
#        E:\Robocon_Value\Chassis\EWARM\Chassis\Obj\sensor_gpio.o
#        E:\Robocon_Value\Chassis\EWARM\Chassis\Obj\simplelib.o
#        E:\Robocon_Value\Chassis\EWARM\Chassis\Obj\startup_stm32f407xx.o
#        E:\Robocon_Value\Chassis\EWARM\Chassis\Obj\stm32f4xx_hal.o
#        E:\Robocon_Value\Chassis\EWARM\Chassis\Obj\stm32f4xx_hal_adc.o
#        E:\Robocon_Value\Chassis\EWARM\Chassis\Obj\stm32f4xx_hal_adc_ex.o
#        E:\Robocon_Value\Chassis\EWARM\Chassis\Obj\stm32f4xx_hal_can.o
#        E:\Robocon_Value\Chassis\EWARM\Chassis\Obj\stm32f4xx_hal_cortex.o
#        E:\Robocon_Value\Chassis\EWARM\Chassis\Obj\stm32f4xx_hal_dma.o
#        E:\Robocon_Value\Chassis\EWARM\Chassis\Obj\stm32f4xx_hal_dma_ex.o
#        E:\Robocon_Value\Chassis\EWARM\Chassis\Obj\stm32f4xx_hal_exti.o
#        E:\Robocon_Value\Chassis\EWARM\Chassis\Obj\stm32f4xx_hal_flash.o
#        E:\Robocon_Value\Chassis\EWARM\Chassis\Obj\stm32f4xx_hal_flash_ex.o
#        E:\Robocon_Value\Chassis\EWARM\Chassis\Obj\stm32f4xx_hal_flash_ramfunc.o
#        E:\Robocon_Value\Chassis\EWARM\Chassis\Obj\stm32f4xx_hal_gpio.o
#        E:\Robocon_Value\Chassis\EWARM\Chassis\Obj\stm32f4xx_hal_msp.o
#        E:\Robocon_Value\Chassis\EWARM\Chassis\Obj\stm32f4xx_hal_pwr.o
#        E:\Robocon_Value\Chassis\EWARM\Chassis\Obj\stm32f4xx_hal_pwr_ex.o
#        E:\Robocon_Value\Chassis\EWARM\Chassis\Obj\stm32f4xx_hal_rcc.o
#        E:\Robocon_Value\Chassis\EWARM\Chassis\Obj\stm32f4xx_hal_rcc_ex.o
#        E:\Robocon_Value\Chassis\EWARM\Chassis\Obj\stm32f4xx_hal_tim.o
#        E:\Robocon_Value\Chassis\EWARM\Chassis\Obj\stm32f4xx_hal_tim_ex.o
#        E:\Robocon_Value\Chassis\EWARM\Chassis\Obj\stm32f4xx_hal_uart.o
#        E:\Robocon_Value\Chassis\EWARM\Chassis\Obj\stm32f4xx_it.o
#        E:\Robocon_Value\Chassis\EWARM\Chassis\Obj\stmflash.o
#        E:\Robocon_Value\Chassis\EWARM\Chassis\Obj\sys.o
#        E:\Robocon_Value\Chassis\EWARM\Chassis\Obj\system_stm32f4xx.o
#        E:\Robocon_Value\Chassis\EWARM\Chassis\Obj\touchdown.o
#        E:\Robocon_Value\Chassis\EWARM\Chassis\Obj\usart.o
#        E:\Robocon_Value\Chassis\EWARM\Chassis\Obj\utils.o
#        E:\Robocon_Value\Chassis\EWARM\Chassis\Obj\vec.o
#        E:\Robocon_Value\Chassis\EWARM\Chassis\Obj\vega.o
#        E:\Robocon_Value\Chassis\EWARM\Chassis\Obj\vesc_can.o --redirect
#        _Printf=_PrintfFull --redirect _Scanf=_ScanfFull --no_out_extension -o
#        E:\Robocon_Value\Chassis\EWARM\Chassis\Exe\Chassis.out --map
#        E:\Robocon_Value\Chassis\EWARM\Chassis\List\Chassis.map --config
#        E:\Robocon_Value\Chassis\EWARM/stm32f407xx_flash.icf --semihosting
#        --entry __iar_program_start --vfe --text_out locale)
#
###############################################################################

*******************************************************************************
*** RUNTIME MODEL ATTRIBUTES
***

CppFlavor       = *
__Heap_Handler  = DLMalloc
__SystemLibrary = DLib
__dlib_version  = 6


*******************************************************************************
*** HEAP SELECTION
***

The advanced heap was selected because the application calls memory
allocation functions outside of system library functions, and there
are calls to deallocation functions in the application.


*******************************************************************************
*** PLACEMENT SUMMARY
***

"A0":  place at 0x800'0000 { ro section .intvec };
"P1":  place in [from 0x800'0000 to 0x80f'ffff] { ro };
define block CSTACK with size = 4608, alignment = 8 { };
define block HEAP with size = 4K, alignment = 8 { };
"P2":  place in [from 0x2000'0000 to 0x2001'ffff] {
          rw, block CSTACK, block HEAP };
initialize by copy { rw };

  Section            Kind         Address    Size  Object
  -------            ----         -------    ----  ------
"A0":                                       0x188
  .intvec            ro code   0x800'0000   0x188  startup_stm32f407xx.o [1]
                             - 0x800'0188   0x188

"P1":                                      0x92b9
  .text              ro code   0x800'0188   0xf80  dlmalloc.o [2]
  .text              ro code   0x800'1108     0x6  abort.o [2]
  .text              ro code   0x800'110e    0x7a  lz77_init_single.o [4]
  .text              ro code   0x800'1188    0x2c  xgetmemchunk.o [2]
  .text              ro code   0x800'11b4    0x14  exit.o [5]
  .text              ro code   0x800'11c8   0xf7a  xprintffull.o [2]
  .text              ro code   0x800'2142    0x3a  zero_init3.o [4]
  .text              ro code   0x800'217c    0xb4  xlocale_c.o [2]
  .text              ro code   0x800'2230    0x16  strchr.o [4]
  .text              ro code   0x800'2246    0x1e  xencoding_8859_1.o [2]
  .text              ro code   0x800'2264    0x40  xfail_s.o [2]
  .text              ro code   0x800'22a4    0x36  strlen.o [4]
  .text              ro code   0x800'22da    0x1a  xsnprout.o [2]
  .text              ro code   0x800'22f4    0x58  memchr.o [4]
  .text              ro code   0x800'234c     0xa  xmbcurmax.o [2]
  .text              ro code   0x800'2358    0xa6  ABImemcpy.o [4]
  .text              ro code   0x800'2400   0x230  I64DivMod.o [4]
  .text              ro code   0x800'2630   0x1a2  DblMul.o [3]
  .text              ro code   0x800'27d4    0x70  frexp.o [3]
  .text              ro code   0x800'2844    0x2e  DblCmpLe.o [3]
  .text              ro code   0x800'2874    0x2e  DblCmpGe.o [3]
  .text              ro code   0x800'28a4   0x13a  ldexp.o [3]
  .text              ro code   0x800'29e0    0x3a  DblToS32.o [3]
  .text              ro code   0x800'2a1c    0x22  S32ToDbl.o [3]
  .text              ro code   0x800'2a40    0xe2  DblSub.o [3]
  .text              ro code   0x800'2b24   0x246  DblDiv.o [3]
  .text              ro code   0x800'2d6c    0x28  DblToU32.o [3]
  .text              ro code   0x800'2d94    0x1a  U32ToDbl.o [3]
  .text              ro code   0x800'2db0     0x2  I64DivZer.o [4]
  .text              ro code   0x800'2db4   0x17a  DblAdd.o [3]
  .text              ro code   0x800'2f30   0xa38  stm32f4xx_hal_uart.o [1]
  .text              ro code   0x800'3968   0x67c  usart.o [1]
  .text              ro code   0x800'3fe4     0xc  stm32f4xx_hal.o [1]
  .text              ro code   0x800'3ff0   0x550  stm32f4xx_hal_dma.o [1]
  .text              ro code   0x800'4540     0x2  stm32f4xx_hal_uart.o [1]
  .text              ro code   0x800'4542     0x2  stm32f4xx_hal_uart.o [1]
  .text              ro code   0x800'4544     0x2  stm32f4xx_hal_uart.o [1]
  .text              ro code   0x800'4546     0x2  stm32f4xx_hal_uart.o [1]
  .text              ro code   0x800'4548     0x2  stm32f4xx_hal_uart.o [1]
  .text              ro code   0x800'454c   0x224  stm32f4xx_hal_rcc.o [1]
  .text              ro code   0x800'4770   0x20e  main.o [1]
  .text              ro code   0x800'4980     0x6  ABImemclr4.o [4]
  .text              ro code   0x800'4988   0x284  stm32f4xx_hal_gpio.o [1]
  .text              ro code   0x800'4c0c   0x158  stm32f4xx_hal_cortex.o [1]
  .text              ro code   0x800'4d64    0x4c  stm32f4xx_hal.o [1]
  .text              ro code   0x800'4db0    0x34  stm32f4xx_hal.o [1]
  .text              ro code   0x800'4de4   0x168  gpio.o [1]
  .text              ro code   0x800'4f4c    0xc8  dma.o [1]
  .text              ro code   0x800'5014   0x160  adc.o [1]
  .text              ro code   0x800'5174    0xd4  can.o [1]
  .text              ro code   0x800'5248    0x5c  simplelib.o [1]
  .text              ro code   0x800'52a4    0x30  configure.o [1]
  .text              ro code   0x800'52d4     0xc  motor_driver.o [1]
  .text              ro code   0x800'52e0   0x164  laser.o [1]
  .text              ro code   0x800'5444    0x88  lcd.o [1]
  .text              ro code   0x800'54cc   0x380  stm32f4xx_hal_rcc.o [1]
  .text              ro code   0x800'584c   0x444  cmd.o [1]
  .text              ro code   0x800'5c90    0x32  ABImemset48.o [4]
  .text              ro code   0x800'5cc4    0x40  stm32f4xx_hal_msp.o [1]
  .text              ro code   0x800'5d04   0x56e  stm32f4xx_hal_adc.o [1]
  .text              ro code   0x800'6274   0x6a4  stm32f4xx_hal_can.o [1]
  .text              ro code   0x800'6918   0x920  cmd_func.o [1]
  .text              ro code   0x800'7238   0x1d6  can_utils.o [1]
  .text              ro code   0x800'7410    0x20  can_func.o [1]
  .text              ro code   0x800'7430    0x48  FltToDbl.o [3]
  .text              ro code   0x800'7478    0x4c  strcpy.o [4]
  .text              ro code   0x800'74c4   0x224  hash.o [1]
  .text              ro code   0x800'76e8    0x66  ABImemset.o [4]
  .text              ro code   0x800'7750    0x4c  strtok.o [2]
  .text              ro code   0x800'779c    0x3c  vsnprint.o [2]
  .text              ro code   0x800'77d8    0x4a  strcmp.o [4]
  .text              ro code   0x800'7822     0x2  stm32f4xx_hal_adc.o [1]
  .text              ro code   0x800'7824     0x2  stm32f4xx_hal_adc.o [1]
  .text              ro code   0x800'7826     0x2  stm32f4xx_hal_adc.o [1]
  .text              ro code   0x800'7828     0x2  stm32f4xx_hal_can.o [1]
  .text              ro code   0x800'782a     0x2  stm32f4xx_hal_can.o [1]
  .text              ro code   0x800'782c     0x2  stm32f4xx_hal_can.o [1]
  .text              ro code   0x800'782e     0x2  stm32f4xx_hal_can.o [1]
  .text              ro code   0x800'7830     0x2  stm32f4xx_hal_can.o [1]
  .text              ro code   0x800'7832     0x2  stm32f4xx_hal_can.o [1]
  .text              ro code   0x800'7834     0x2  stm32f4xx_hal_can.o [1]
  .text              ro code   0x800'7836     0x2  stm32f4xx_hal_can.o [1]
  .text              ro code   0x800'7838     0x2  stm32f4xx_hal_can.o [1]
  .text              ro code   0x800'783a     0x2  stm32f4xx_hal_can.o [1]
  .text              ro code   0x800'783c     0x2  stm32f4xx_hal_can.o [1]
  .text              ro code   0x800'7840   0x150  vega.o [1]
  .text              ro code   0x800'7990     0xe  math_wrappers64.o [3]
  .text              ro code   0x800'79a0    0x68  DblToFlt.o [3]
  .text              ro code   0x800'7a08    0x9c  point_parser.o [1]
  .text              ro code   0x800'7aa4   0x174  iar_Stoulx.o [2]
  .text              ro code   0x800'7c18    0x20  DblCmpEq.o [3]
  .text              ro code   0x800'7c38    0x3c  kickball.o [1]
  .text              ro code   0x800'7c74    0x28  touchdown.o [1]
  .text              ro code   0x800'7c9c    0x24  ABIassert.o [5]
  .text              ro code   0x800'7cc0    0x22  strspn.o [2]
  .text              ro code   0x800'7ce2    0x22  strcspn.o [2]
  .rodata            const     0x800'7d04    0x2c  cmd_func.o [1]
  .text              ro code   0x800'7d30   0x580  strto64.o [3]
  .text              ro code   0x800'82b0    0x14  isspace.o [2]
  .text              ro code   0x800'82c4    0x14  tolower.o [2]
  .text              ro code   0x800'82d8   0x122  iar_Stopfx.o [2]
  .text              ro code   0x800'83fc   0x1c4  iar_Stoflt.o [2]
  .text              ro code   0x800'85c0   0x21c  iar_Stoxflt.o [2]
  .text              ro code   0x800'87dc    0x14  isalpha.o [2]
  .text              ro code   0x800'87f0   0x124  stm32f4xx_it.o [1]
  .text              ro code   0x800'8914    0x18  stm32f4xx_hal.o [1]
  .text              ro code   0x800'892c    0x60  system_stm32f4xx.o [1]
  .rodata            const     0x800'898c    0x30  hash.o [1]
  .rodata            const     0x800'89bc    0x28  cmd_func.o [1]
  .rodata            const     0x800'89e4    0x28  vega.o [1]
  .text              ro code   0x800'8a0c    0x28  data_init.o [4]
  .rodata            const     0x800'8a34    0x24  cmd_func.o [1]
  .rodata            const     0x800'8a58    0x24  cmd_func.o [1]
  .rodata            const     0x800'8a7c    0x24  cmd_func.o [1]
  .rodata            const     0x800'8aa0    0x24  cmd_func.o [1]
  .rodata            const     0x800'8ac4    0x24  cmd_func.o [1]
  .text              ro code   0x800'8ae8    0x22  fpinit_M.o [3]
  .iar.init_table    const     0x800'8b0c    0x20  - Linker created -
  .rodata            const     0x800'8b2c    0x20  cmd_func.o [1]
  .rodata            const     0x800'8b4c    0x20  cmd_func.o [1]
  .rodata            const     0x800'8b6c    0x20  cmd_func.o [1]
  .rodata            const     0x800'8b8c    0x20  cmd_func.o [1]
  .rodata            const     0x800'8bac    0x20  cmd_func.o [1]
  .rodata            const     0x800'8bcc    0x20  cmd_func.o [1]
  .rodata            const     0x800'8bec    0x20  cmd_func.o [1]
  .rodata            const     0x800'8c0c    0x20  hash.o [1]
  .rodata            const     0x800'8c2c    0x20  vega.o [1]
  .rodata            const     0x800'8c4c    0x20  vega.o [1]
  .text              ro code   0x800'8c6c    0x1e  cmain.o [4]
  .text              ro code   0x800'8c8a     0x4  low_level_init.o [2]
  .text              ro code   0x800'8c8e     0x4  exit.o [2]
  .text              ro code   0x800'8c94     0xa  cexit.o [4]
  .rodata            const     0x800'8ca0    0x1c  cmd_func.o [1]
  .rodata            const     0x800'8cbc    0x1c  cmd_func.o [1]
  .rodata            const     0x800'8cd8    0x1c  cmd_func.o [1]
  .rodata            const     0x800'8cf4    0x1c  cmd_func.o [1]
  .rodata            const     0x800'8d10    0x1c  cmd_func.o [1]
  .rodata            const     0x800'8d2c    0x1c  cmd_func.o [1]
  .rodata            const     0x800'8d48    0x1c  cmd_func.o [1]
  .rodata            const     0x800'8d64    0x1c  cmd_func.o [1]
  .rodata            const     0x800'8d80    0x1c  cmd_func.o [1]
  .rodata            const     0x800'8d9c    0x1c  cmd_func.o [1]
  .rodata            const     0x800'8db8    0x1c  lcd.o [1]
  .rodata            const     0x800'8dd4    0x1c  vega.o [1]
  .rodata            const     0x800'8df0    0x18  cmd_func.o [1]
  .rodata            const     0x800'8e08    0x18  cmd_func.o [1]
  .rodata            const     0x800'8e20    0x18  cmd_func.o [1]
  .rodata            const     0x800'8e38    0x18  cmd_func.o [1]
  .rodata            const     0x800'8e50    0x18  cmd_func.o [1]
  .rodata            const     0x800'8e68    0x18  cmd_func.o [1]
  .rodata            const     0x800'8e80    0x18  cmd_func.o [1]
  .rodata            const     0x800'8e98    0x18  cmd_func.o [1]
  .rodata            const     0x800'8eb0    0x18  cmd_func.o [1]
  .rodata            const     0x800'8ec8    0x18  cmd_func.o [1]
  .rodata            const     0x800'8ee0    0x18  laser.o [1]
  .rodata            const     0x800'8ef8    0x18  simplelib.o [1]
  .rodata            const     0x800'8f10    0x18  vega.o [1]
  .rodata            const     0x800'8f28    0x14  cmd_func.o [1]
  .rodata            const     0x800'8f3c    0x14  cmd_func.o [1]
  .rodata            const     0x800'8f50    0x14  cmd_func.o [1]
  .rodata            const     0x800'8f64    0x14  cmd_func.o [1]
  .rodata            const     0x800'8f78    0x14  cmd_func.o [1]
  .rodata            const     0x800'8f8c    0x14  cmd_func.o [1]
  .rodata            const     0x800'8fa0    0x14  cmd_func.o [1]
  .rodata            const     0x800'8fb4    0x14  cmd_func.o [1]
  .rodata            const     0x800'8fc8    0x14  cmd_func.o [1]
  .rodata            const     0x800'8fdc    0x14  main.o [1]
  .rodata            const     0x800'8ff0    0x10  cmd.o [1]
  .rodata            const     0x800'9000    0x10  cmd.o [1]
  .rodata            const     0x800'9010    0x10  cmd_func.o [1]
  .rodata            const     0x800'9020    0x10  cmd_func.o [1]
  .rodata            const     0x800'9030    0x10  cmd_func.o [1]
  .rodata            const     0x800'9040    0x10  cmd_func.o [1]
  .rodata            const     0x800'9050    0x10  cmd_func.o [1]
  .rodata            const     0x800'9060    0x10  cmd_func.o [1]
  .rodata            const     0x800'9070    0x10  cmd_func.o [1]
  .rodata            const     0x800'9080    0x10  cmd_func.o [1]
  .rodata            const     0x800'9090    0x10  cmd_func.o [1]
  .rodata            const     0x800'90a0    0x10  cmd_func.o [1]
  .rodata            const     0x800'90b0    0x10  cmd_func.o [1]
  .rodata            const     0x800'90c0    0x10  cmd_func.o [1]
  .rodata            const     0x800'90d0    0x10  cmd_func.o [1]
  .rodata            const     0x800'90e0    0x10  cmd_func.o [1]
  .rodata            const     0x800'90f0    0x10  cmd_func.o [1]
  .rodata            const     0x800'9100    0x10  cmd_func.o [1]
  .rodata            const     0x800'9110    0x10  laser.o [1]
  .rodata            const     0x800'9120    0x10  laser.o [1]
  .rodata            const     0x800'9130    0x10  laser.o [1]
  .rodata            const     0x800'9140    0x10  laser.o [1]
  .rodata            const     0x800'9150    0x10  laser.o [1]
  .rodata            const     0x800'9160    0x10  system_stm32f4xx.o [1]
  .text              ro code   0x800'9170    0x10  startup_stm32f407xx.o [1]
  .rodata            const     0x800'9180     0xc  can_func.o [1]
  .rodata            const     0x800'918c     0xc  cmd.o [1]
  .rodata            const     0x800'9198     0xc  cmd_func.o [1]
  .rodata            const     0x800'91a4     0xc  cmd_func.o [1]
  .rodata            const     0x800'91b0     0xc  cmd_func.o [1]
  .rodata            const     0x800'91bc     0xc  cmd_func.o [1]
  .rodata            const     0x800'91c8     0xc  hash.o [1]
  .rodata            const     0x800'91d4     0xc  point_parser.o [1]
  .text              ro code   0x800'91e0     0xc  cstartup_M.o [4]
  .rodata            const     0x800'91ec     0x8  cmd.o [1]
  .rodata            const     0x800'91f4     0x8  cmd.o [1]
  .rodata            const     0x800'91fc     0x8  cmd.o [1]
  .rodata            const     0x800'9204     0x8  cmd_func.o [1]
  .rodata            const     0x800'920c     0x8  cmd_func.o [1]
  .rodata            const     0x800'9214     0x8  cmd_func.o [1]
  .rodata            const     0x800'921c     0x8  hash.o [1]
  .rodata            const     0x800'9224     0x8  stm32f4xx_hal_dma.o [1]
  .rodata            const     0x800'922c     0x8  system_stm32f4xx.o [1]
  .rodata            const     0x800'9234     0x8  vega.o [1]
  .rodata            const     0x800'923c     0x8  vega.o [1]
  .rodata            const     0x800'9244     0x6  xlocale_c.o [2]
  .text              ro code   0x800'924a     0x4  startup_stm32f407xx.o [1]
  .text              ro code   0x800'924e     0x4  startup_stm32f407xx.o [1]
  .text              ro code   0x800'9252     0x4  startup_stm32f407xx.o [1]
  .text              ro code   0x800'9256     0x4  startup_stm32f407xx.o [1]
  .text              ro code   0x800'925a     0x4  startup_stm32f407xx.o [1]
  .text              ro code   0x800'925e     0x4  startup_stm32f407xx.o [1]
  .text              ro code   0x800'9262     0x4  startup_stm32f407xx.o [1]
  .text              ro code   0x800'9266     0x4  startup_stm32f407xx.o [1]
  .text              ro code   0x800'926a     0x4  startup_stm32f407xx.o [1]
  .text              ro code   0x800'926e     0x4  startup_stm32f407xx.o [1]
  .text              ro code   0x800'9272     0x4  startup_stm32f407xx.o [1]
  .text              ro code   0x800'9276     0x4  startup_stm32f407xx.o [1]
  .text              ro code   0x800'927a     0x4  startup_stm32f407xx.o [1]
  .text              ro code   0x800'927e     0x4  startup_stm32f407xx.o [1]
  .text              ro code   0x800'9282     0x4  startup_stm32f407xx.o [1]
  .text              ro code   0x800'9286     0x4  startup_stm32f407xx.o [1]
  .text              ro code   0x800'928a     0x4  startup_stm32f407xx.o [1]
  .text              ro code   0x800'928e     0x4  startup_stm32f407xx.o [1]
  .text              ro code   0x800'9292     0x4  startup_stm32f407xx.o [1]
  .text              ro code   0x800'9296     0x4  startup_stm32f407xx.o [1]
  .text              ro code   0x800'929a     0x4  startup_stm32f407xx.o [1]
  .text              ro code   0x800'929e     0x4  startup_stm32f407xx.o [1]
  .text              ro code   0x800'92a2     0x4  startup_stm32f407xx.o [1]
  .text              ro code   0x800'92a6     0x4  startup_stm32f407xx.o [1]
  .text              ro code   0x800'92aa     0x4  startup_stm32f407xx.o [1]
  .text              ro code   0x800'92ae     0x4  startup_stm32f407xx.o [1]
  .text              ro code   0x800'92b2     0x4  startup_stm32f407xx.o [1]
  .text              ro code   0x800'92b6     0x4  startup_stm32f407xx.o [1]
  .text              ro code   0x800'92ba     0x4  startup_stm32f407xx.o [1]
  .text              ro code   0x800'92be     0x4  startup_stm32f407xx.o [1]
  .text              ro code   0x800'92c2     0x4  startup_stm32f407xx.o [1]
  .text              ro code   0x800'92c6     0x4  startup_stm32f407xx.o [1]
  .text              ro code   0x800'92ca     0x4  startup_stm32f407xx.o [1]
  .text              ro code   0x800'92ce     0x4  startup_stm32f407xx.o [1]
  .text              ro code   0x800'92d2     0x4  startup_stm32f407xx.o [1]
  .text              ro code   0x800'92d6     0x4  startup_stm32f407xx.o [1]
  .text              ro code   0x800'92da     0x4  startup_stm32f407xx.o [1]
  .text              ro code   0x800'92de     0x4  startup_stm32f407xx.o [1]
  .text              ro code   0x800'92e2     0x4  startup_stm32f407xx.o [1]
  .text              ro code   0x800'92e6     0x4  startup_stm32f407xx.o [1]
  .text              ro code   0x800'92ea     0x4  startup_stm32f407xx.o [1]
  .text              ro code   0x800'92ee     0x4  startup_stm32f407xx.o [1]
  .text              ro code   0x800'92f2     0x4  startup_stm32f407xx.o [1]
  .text              ro code   0x800'92f6     0x4  startup_stm32f407xx.o [1]
  .text              ro code   0x800'92fa     0x4  startup_stm32f407xx.o [1]
  .text              ro code   0x800'92fe     0x4  startup_stm32f407xx.o [1]
  .text              ro code   0x800'9302     0x4  startup_stm32f407xx.o [1]
  .text              ro code   0x800'9306     0x4  startup_stm32f407xx.o [1]
  .text              ro code   0x800'930a     0x4  startup_stm32f407xx.o [1]
  .text              ro code   0x800'930e     0x4  startup_stm32f407xx.o [1]
  .text              ro code   0x800'9312     0x4  startup_stm32f407xx.o [1]
  .text              ro code   0x800'9316     0x4  startup_stm32f407xx.o [1]
  .text              ro code   0x800'931a     0x4  startup_stm32f407xx.o [1]
  .text              ro code   0x800'931e     0x4  startup_stm32f407xx.o [1]
  .text              ro code   0x800'9322     0x4  startup_stm32f407xx.o [1]
  .text              ro code   0x800'9326     0x4  startup_stm32f407xx.o [1]
  .text              ro code   0x800'932a     0x4  startup_stm32f407xx.o [1]
  .text              ro code   0x800'932e     0x4  startup_stm32f407xx.o [1]
  .text              ro code   0x800'9332     0x4  startup_stm32f407xx.o [1]
  .text              ro code   0x800'9336     0x4  startup_stm32f407xx.o [1]
  .text              ro code   0x800'933a     0x4  startup_stm32f407xx.o [1]
  .text              ro code   0x800'933e     0x4  startup_stm32f407xx.o [1]
  .text              ro code   0x800'9342     0x4  startup_stm32f407xx.o [1]
  .text              ro code   0x800'9346     0x4  startup_stm32f407xx.o [1]
  .text              ro code   0x800'934a     0x4  startup_stm32f407xx.o [1]
  .text              ro code   0x800'934e     0x4  startup_stm32f407xx.o [1]
  .text              ro code   0x800'9352     0x4  startup_stm32f407xx.o [1]
  .rodata            const     0x800'9356     0x0  zero_init3.o [4]
  .rodata            const     0x800'9356     0x0  lz77_init_single.o [4]
  Initializer bytes  const     0x800'9356    0xeb  <for P2-1>
                             - 0x800'9441  0x92b9

"P2", part 1 of 3:                          0x1f9
  P2-1                        0x2000'0000   0x1f9  <Init block>
    .data            inited   0x2000'0000     0x4  can_utils.o [1]
    .data            inited   0x2000'0004     0x4  cmd.o [1]
    .data            inited   0x2000'0008     0x4  kickball.o [1]
    .data            inited   0x2000'000c   0x150  point_parser.o [1]
    .data            inited   0x2000'015c     0x4  sensor_gpio.o [1]
    .data            inited   0x2000'0160     0x4  stm32f4xx_hal.o [1]
    .data            inited   0x2000'0164     0x4  system_stm32f4xx.o [1]
    .data            inited   0x2000'0168     0x4  touchdown.o [1]
    .data            inited   0x2000'016c     0xc  vega.o [1]
    .data            inited   0x2000'0178    0x38  xlocale_c.o [2]
    .data            inited   0x2000'01b0    0x48  xlocale_c.o [2]
    .data            inited   0x2000'01f8     0x1  stm32f4xx_hal.o [1]
                            - 0x2000'01f9   0x1f9

"P2", part 2 of 3:                         0xca04
  .bss               zero     0x2000'01fc   0xfa0  point.o [1]
  .bss               zero     0x2000'119c   0xfa0  point.o [1]
  .bss               zero     0x2000'213c   0xfa0  point.o [1]
  .bss               zero     0x2000'30dc   0xfa0  point.o [1]
  .bss               zero     0x2000'407c   0xfa0  point.o [1]
  .bss               zero     0x2000'501c   0xfa0  point.o [1]
  .bss               zero     0x2000'5fbc   0xfa0  point.o [1]
  .bss               zero     0x2000'6f5c   0xfa0  point.o [1]
  .bss               zero     0x2000'7efc   0xfa0  point.o [1]
  .bss               zero     0x2000'8e9c   0xfa0  point.o [1]
  .bss               zero     0x2000'9e3c   0xfa0  point.o [1]
  .bss               zero     0x2000'addc   0xfa0  point.o [1]
  .bss               zero     0x2000'bd7c   0x1d8  dlmalloc.o [2]
  .bss               zero     0x2000'bf54   0x190  lcd.o [1]
  .bss               zero     0x2000'c0e4    0x78  laser.o [1]
  .bss               zero     0x2000'c15c    0x68  cmd.o [1]
  .bss               zero     0x2000'c1c4    0x64  cmd.o [1]
  .bss               zero     0x2000'c228    0x64  cmd.o [1]
  .bss               zero     0x2000'c28c    0x64  cmd.o [1]
  .bss               zero     0x2000'c2f0    0x64  cmd.o [1]
  .bss               zero     0x2000'c354    0x60  adc.o [1]
  .bss               zero     0x2000'c3b4    0x60  usart.o [1]
  .bss               zero     0x2000'c414    0x60  usart.o [1]
  .bss               zero     0x2000'c474    0x60  usart.o [1]
  .bss               zero     0x2000'c4d4    0x60  usart.o [1]
  .bss               zero     0x2000'c534    0x60  usart.o [1]
  .bss               zero     0x2000'c594    0x60  usart.o [1]
  .bss               zero     0x2000'c5f4    0x60  usart.o [1]
  .bss               zero     0x2000'c654    0x60  usart.o [1]
  .bss               zero     0x2000'c6b4    0x58  chassis.o [1]
  .bss               zero     0x2000'c70c    0x48  adc.o [1]
  .bss               zero     0x2000'c754    0x48  laser.o [1]
  .bss               zero     0x2000'c79c    0x48  laser.o [1]
  .bss               zero     0x2000'c7e4    0x48  laser.o [1]
  .bss               zero     0x2000'c82c    0x40  cmd.o [1]
  .bss               zero     0x2000'c86c    0x40  usart.o [1]
  .bss               zero     0x2000'c8ac    0x40  usart.o [1]
  .bss               zero     0x2000'c8ec    0x40  usart.o [1]
  .bss               zero     0x2000'c92c    0x40  usart.o [1]
  .bss               zero     0x2000'c96c    0x40  usart.o [1]
  .bss               zero     0x2000'c9ac    0x40  usart.o [1]
  .bss               zero     0x2000'c9ec    0x30  cmd.o [1]
  .bss               zero     0x2000'ca1c    0x28  can.o [1]
  .bss               zero     0x2000'ca44    0x28  can_utils.o [1]
  .bss               zero     0x2000'ca6c    0x28  main.o [1]
  .bss               zero     0x2000'ca94    0x24  main.o [1]
  .bss               zero     0x2000'cab8    0x20  chassis.o [1]
  .bss               zero     0x2000'cad8    0x1c  can_utils.o [1]
  .bss               zero     0x2000'caf4    0x18  can_utils.o [1]
  .bss               zero     0x2000'cb0c    0x18  cmd.o [1]
  .bss               zero     0x2000'cb24    0x18  motor_driver.o [1]
  .bss               zero     0x2000'cb3c    0x18  dlmalloc.o [2]
  .bss               zero     0x2000'cb54    0x10  configure.o [1]
  .bss               zero     0x2000'cb64    0x10  configure.o [1]
  .bss               zero     0x2000'cb78     0x8  can_utils.o [1]
  .bss               zero     0x2000'cb80     0x8  can_utils.o [1]
  .bss               zero     0x2000'cb88     0x8  main.o [1]
  .bss               zero     0x2000'cb90     0x4  can_utils.o [1]
  .bss               zero     0x2000'cb94     0x4  can_utils.o [1]
  .bss               zero     0x2000'cb98     0x4  can_utils.o [1]
  .bss               zero     0x2000'cb9c     0x4  cmd.o [1]
  .bss               zero     0x2000'cba0     0x4  cmd.o [1]
  .bss               zero     0x2000'cba4     0x4  cmd.o [1]
  .bss               zero     0x2000'cba8     0x4  flags.o [1]
  .bss               zero     0x2000'cbac     0x4  flags.o [1]
  .bss               zero     0x2000'cbb0     0x4  kickball.o [1]
  .bss               zero     0x2000'cbb4     0x4  kickball.o [1]
  .bss               zero     0x2000'cbb8     0x4  kickball.o [1]
  .bss               zero     0x2000'cbbc     0x4  kickball.o [1]
  .bss               zero     0x2000'cbc0     0x4  kickball.o [1]
  .bss               zero     0x2000'cbc4     0x4  kickball.o [1]
  .bss               zero     0x2000'cbc8     0x4  lcd.o [1]
  .bss               zero     0x2000'cbcc     0x4  main.o [1]
  .bss               zero     0x2000'cbd0     0x4  main.o [1]
  .bss               zero     0x2000'cbd4     0x4  motor_driver.o [1]
  .bss               zero     0x2000'cbd8     0x4  motor_driver.o [1]
  .bss               zero     0x2000'cbdc     0x4  sensor_gpio.o [1]
  .bss               zero     0x2000'cbe0     0x4  sensor_gpio.o [1]
  .bss               zero     0x2000'cbe4     0x4  sensor_gpio.o [1]
  .bss               zero     0x2000'cbe8     0x4  stm32f4xx_hal.o [1]
  .bss               zero     0x2000'cbec     0x4  touchdown.o [1]
  .bss               zero     0x2000'cbf0     0x4  touchdown.o [1]
  .bss               zero     0x2000'cbf4     0x4  strtok.o [2]
  .bss               zero     0x2000'cbf8     0x4  xfail_s.o [2]
  .bss               zero     0x2000'cbfc     0x4  xgetmemchunk.o [2]
                            - 0x2000'cc00  0xca04

"P2", part 3 of 3:                         0x2200
  CSTACK                      0x2000'cc00  0x1200  <Block>
    CSTACK           uninit   0x2000'cc00  0x1200  <Block tail>
  HEAP                        0x2000'de00  0x1000  <Block>
    HEAP             uninit   0x2000'de00  0x1000  <Block tail>
                            - 0x2000'ee00  0x2200

Unused ranges:

         From           To      Size
         ----           --      ----
   0x800'9441   0x80f'ffff  0xf'6bbf
  0x2000'01f9  0x2000'01fb       0x3
  0x2000'ee00  0x2001'ffff  0x1'1200


*******************************************************************************
*** INIT TABLE
***

          Address      Size
          -------      ----
Zero (__iar_zero_init3)
    1 destination range, total size 0xca04:
          0x2000'01fc  0xca04

Copy/lz77 (__iar_lz77_init_single3)
    1 source range, total size 0xeb (46% of destination):
           0x800'9356    0xeb
    1 destination range, total size 0x1f9:
          0x2000'0000   0x1f9



*******************************************************************************
*** MODULE SUMMARY
***

    Module                  ro code  ro data  rw data
    ------                  -------  -------  -------
command line/config:
    -------------------------------------------------
    Total:

E:\Robocon_Value\Chassis\EWARM\Chassis\Obj: [1]
    adc.o                       352               168
    can.o                       212                40
    can_func.o                   32       12
    can_utils.o                 470        1      124
    chassis.o                                     120
    cmd.o                     1 092       70      656
    cmd_func.o                2 336    1 516
    configure.o                  48                32
    dma.o                       200
    flags.o                                         8
    gpio.o                      360
    hash.o                      548      100
    kickball.o                   60        2       28
    laser.o                     356      104      336
    lcd.o                       136       28      404
    main.o                      526       20       92
    motor_driver.o               12                32
    point.o                                    48 000
    point_parser.o              156      168      336
    sensor_gpio.o                          2       16
    simplelib.o                  92       24
    startup_stm32f407xx.o       676
    stm32f4xx_hal.o             164        3        9
    stm32f4xx_hal_adc.o       1 396
    stm32f4xx_hal_can.o       1 722
    stm32f4xx_hal_cortex.o      344
    stm32f4xx_hal_dma.o       1 360        8
    stm32f4xx_hal_gpio.o        644
    stm32f4xx_hal_msp.o          64
    stm32f4xx_hal_rcc.o       1 444
    stm32f4xx_hal_uart.o      2 626
    stm32f4xx_it.o              292
    system_stm32f4xx.o           96       26        4
    touchdown.o                  40        2       12
    usart.o                   1 660             1 152
    vega.o                      336      177       12
    -------------------------------------------------
    Total:                   19 852    2 263   51 581

dl7M_tlf.a: [2]
    abort.o                       6
    dlmalloc.o                3 968               496
    exit.o                        4
    iar_Stoflt.o                452
    iar_Stopfx.o                290
    iar_Stoulx.o                372
    iar_Stoxflt.o               540
    isalpha.o                    20
    isspace.o                    20
    low_level_init.o              4
    strcspn.o                    34
    strspn.o                     34
    strtok.o                     76                 4
    tolower.o                    20
    vsnprint.o                   60
    xencoding_8859_1.o           30
    xfail_s.o                    64                 4
    xgetmemchunk.o               44                 4
    xlocale_c.o                 180       66      128
    xmbcurmax.o                  10
    xprintffull.o             3 962
    xsnprout.o                   26
    -------------------------------------------------
    Total:                   10 216       66      636

m7M_tls.a: [3]
    DblAdd.o                    378
    DblCmpEq.o                   32
    DblCmpGe.o                   46
    DblCmpLe.o                   46
    DblDiv.o                    582
    DblMul.o                    418
    DblSub.o                    226
    DblToFlt.o                  104
    DblToS32.o                   58
    DblToU32.o                   40
    FltToDbl.o                   72
    S32ToDbl.o                   34
    U32ToDbl.o                   26
    fpinit_M.o                   34
    frexp.o                     112
    ldexp.o                     314
    math_wrappers64.o            14
    strto64.o                 1 408
    -------------------------------------------------
    Total:                    3 944

rt7M_tl.a: [4]
    ABImemclr4.o                  6
    ABImemcpy.o                 166
    ABImemset.o                 102
    ABImemset48.o                50
    I64DivMod.o                 560
    I64DivZer.o                   2
    cexit.o                      10
    cmain.o                      30
    cstartup_M.o                 12
    data_init.o                  40
    lz77_init_single.o          122
    memchr.o                     88
    strchr.o                     22
    strcmp.o                     74
    strcpy.o                     76
    strlen.o                     54
    zero_init3.o                 58
    -------------------------------------------------
    Total:                    1 472

shb_l.a: [5]
    ABIassert.o                  36
    exit.o                       20
    -------------------------------------------------
    Total:                       56

    Gaps                         48        4        4
    Linker created                        32    8 704
-----------------------------------------------------
    Grand Total:             35 588    2 365   60 925


*******************************************************************************
*** ENTRY LIST
***

Entry                       Address   Size  Type      Object
-----                       -------   ----  ----      ------
.iar.init_table$$Base    0x800'8b0c          --   Gb  - Linker created -
.iar.init_table$$Limit   0x800'8b2c          --   Gb  - Linker created -
?main                    0x800'8c6d         Code  Gb  cmain.o [4]
ADC_DMAConvCplt          0x800'61cd   0x7a  Code  Lc  stm32f4xx_hal_adc.o [1]
ADC_DMAError             0x800'6259   0x1a  Code  Lc  stm32f4xx_hal_adc.o [1]
ADC_DMAHalfConvCplt      0x800'6249    0xe  Code  Lc  stm32f4xx_hal_adc.o [1]
ADC_Init                 0x800'604b  0x15a  Code  Lc  stm32f4xx_hal_adc.o [1]
AHBPrescTable            0x800'9160   0x10  Data  Gb  system_stm32f4xx.o [1]
APBPrescTable            0x800'922c    0x8  Data  Gb  system_stm32f4xx.o [1]
BusFault_Handler         0x800'87f7    0x2  Code  Gb  stm32f4xx_it.o [1]
CAN1_RX0_IRQHandler      0x800'883f    0xa  Code  Gb  stm32f4xx_it.o [1]
CAN_config               0x800'72ef   0x52  Code  Lc  can_utils.o [1]
CMD_USART               0x2000'c82c   0x40  Data  Gb  cmd.o [1]
CSTACK$$Base            0x2000'cc00          --   Gb  - Linker created -
CSTACK$$Limit           0x2000'de00          --   Gb  - Linker created -
CacheMore                0x800'21bd   0x24  Code  Lc  xlocale_c.o [2]
DMA1_Stream0_IRQHandler
                         0x800'880d    0xa  Code  Gb  stm32f4xx_it.o [1]
DMA1_Stream1_IRQHandler
                         0x800'8817    0xa  Code  Gb  stm32f4xx_it.o [1]
DMA1_Stream3_IRQHandler
                         0x800'8821    0xa  Code  Gb  stm32f4xx_it.o [1]
DMA1_Stream5_IRQHandler
                         0x800'882b    0xa  Code  Gb  stm32f4xx_it.o [1]
DMA1_Stream6_IRQHandler
                         0x800'8835    0xa  Code  Gb  stm32f4xx_it.o [1]
DMA1_Stream7_IRQHandler
                         0x800'8897    0xa  Code  Gb  stm32f4xx_it.o [1]
DMA2_Stream0_IRQHandler
                         0x800'88b9    0xa  Code  Gb  stm32f4xx_it.o [1]
DMA2_Stream2_IRQHandler
                         0x800'88c3    0xa  Code  Gb  stm32f4xx_it.o [1]
DMA2_Stream7_IRQHandler
                         0x800'88cd    0xa  Code  Gb  stm32f4xx_it.o [1]
DMAUSART_RX_BUF         0x2000'c228   0x64  Data  Gb  cmd.o [1]
DMAUSART_RX_BUF_vega    0x2000'c28c   0x64  Data  Gb  cmd.o [1]
DMA_CalcBaseAndBitshift
                         0x800'4465   0x30  Code  Lc  stm32f4xx_hal_dma.o [1]
DMA_CalcBaseAndBitshift::flagBitshiftOffset
                         0x800'9224    0x8  Data  Lc  stm32f4xx_hal_dma.o [1]
DMA_CheckFifoParam       0x800'44a5   0x9c  Code  Lc  stm32f4xx_hal_dma.o [1]
DMA_RxOK_Flag           0x2000'cbac    0x4  Data  Gb  flags.o [1]
DMA_RxOK_Flag_vega      0x2000'cba4    0x4  Data  Gb  cmd.o [1]
DMA_SetConfig            0x800'4437   0x2e  Code  Lc  stm32f4xx_hal_dma.o [1]
DMAaRxBuffer            0x2000'c1c4   0x64  Data  Gb  cmd.o [1]
DMAaRxBuffer_vega       0x2000'c2f0   0x64  Data  Gb  cmd.o [1]
DebugMon_Handler         0x800'87fd    0x2  Code  Gb  stm32f4xx_it.o [1]
Dtentox                  0x800'7ed5  0x192  Code  Lc  strto64.o [3]
Error_Handler            0x800'497d    0x2  Code  Gb  main.o [1]
HAL_ADC_ConfigChannel    0x800'5ecf  0x17c  Code  Gb  stm32f4xx_hal_adc.o [1]
HAL_ADC_Init             0x800'5d05   0x66  Code  Gb  stm32f4xx_hal_adc.o [1]
HAL_ADC_MspInit          0x800'50b3   0xa2  Code  Gb  adc.o [1]
HAL_ADC_Start_DMA        0x800'5d6b  0x164  Code  Gb  stm32f4xx_hal_adc.o [1]
HAL_CAN_ActivateNotification
                         0x800'66c1   0x34  Code  Gb  stm32f4xx_hal_can.o [1]
HAL_CAN_ConfigFilter     0x800'63e1  0x128  Code  Gb  stm32f4xx_hal_can.o [1]
HAL_CAN_GetRxMessage     0x800'6569  0x158  Code  Gb  stm32f4xx_hal_can.o [1]
HAL_CAN_IRQHandler       0x800'66f5  0x224  Code  Gb  stm32f4xx_hal_can.o [1]
HAL_CAN_Init             0x800'6275  0x16c  Code  Gb  stm32f4xx_hal_can.o [1]
HAL_CAN_MspInit          0x800'51bb   0x78  Code  Gb  can.o [1]
HAL_CAN_RxFifo0FullCallback
                         0x800'72ed    0x2  Code  Gb  can_utils.o [1]
HAL_CAN_RxFifo0MsgPendingCallback
                         0x800'72b3   0x3a  Code  Gb  can_utils.o [1]
HAL_CAN_Start            0x800'6509   0x5c  Code  Gb  stm32f4xx_hal_can.o [1]
HAL_DMA_Abort            0x800'416b   0x9c  Code  Gb  stm32f4xx_hal_dma.o [1]
HAL_DMA_Abort_IT         0x800'4207   0x28  Code  Gb  stm32f4xx_hal_dma.o [1]
HAL_DMA_IRQHandler       0x800'422f  0x208  Code  Gb  stm32f4xx_hal_dma.o [1]
HAL_DMA_Init             0x800'3ff1   0xe2  Code  Gb  stm32f4xx_hal_dma.o [1]
HAL_DMA_Start_IT         0x800'40d3   0x98  Code  Gb  stm32f4xx_hal_dma.o [1]
HAL_GPIO_Init            0x800'4989  0x210  Code  Gb  stm32f4xx_hal_gpio.o [1]
HAL_GPIO_TogglePin       0x800'4bb3   0x22  Code  Gb  stm32f4xx_hal_gpio.o [1]
HAL_GPIO_WritePin        0x800'4b99   0x1a  Code  Gb  stm32f4xx_hal_gpio.o [1]
HAL_GetTick              0x800'3fe5    0xc  Code  Wk  stm32f4xx_hal.o [1]
HAL_IncTick              0x800'8915   0x18  Code  Wk  stm32f4xx_hal.o [1]
HAL_Init                 0x800'4db1   0x30  Code  Gb  stm32f4xx_hal.o [1]
HAL_InitTick             0x800'4d65   0x4c  Code  Wk  stm32f4xx_hal.o [1]
HAL_MspInit              0x800'5cc5   0x40  Code  Gb  stm32f4xx_hal_msp.o [1]
HAL_NVIC_EnableIRQ       0x800'4d2b    0xe  Code  Gb  stm32f4xx_hal_cortex.o [1]
HAL_NVIC_SetPriority     0x800'4d01   0x2a  Code  Gb  stm32f4xx_hal_cortex.o [1]
HAL_NVIC_SetPriorityGrouping
                         0x800'4cf5    0xc  Code  Gb  stm32f4xx_hal_cortex.o [1]
HAL_RCC_ClockConfig      0x800'454d  0x13e  Code  Gb  stm32f4xx_hal_rcc.o [1]
HAL_RCC_GetHCLKFreq      0x800'468b    0x6  Code  Gb  stm32f4xx_hal_rcc.o [1]
HAL_RCC_GetPCLK1Freq     0x800'4691   0x16  Code  Gb  stm32f4xx_hal_rcc.o [1]
HAL_RCC_GetPCLK2Freq     0x800'46a7   0x16  Code  Gb  stm32f4xx_hal_rcc.o [1]
HAL_RCC_OscConfig        0x800'54cd  0x380  Code  Wk  stm32f4xx_hal_rcc.o [1]
HAL_SYSTICK_Config       0x800'4d39    0xc  Code  Gb  stm32f4xx_hal_cortex.o [1]
HAL_UART_DMAStop         0x800'31d3   0x72  Code  Gb  stm32f4xx_hal_uart.o [1]
HAL_UART_IDLECallback    0x800'5905   0xf8  Code  Gb  cmd.o [1]
HAL_UART_IRQHandler      0x800'3245  0x14a  Code  Gb  stm32f4xx_hal_uart.o [1]
HAL_UART_Init            0x800'2f31   0x76  Code  Gb  stm32f4xx_hal_uart.o [1]
HAL_UART_MspInit         0x800'3ab9  0x4a0  Code  Gb  usart.o [1]
HAL_UART_Receive_DMA     0x800'311d   0xb6  Code  Gb  stm32f4xx_hal_uart.o [1]
HAL_UART_Transmit        0x800'2fa7   0xe0  Code  Gb  stm32f4xx_hal_uart.o [1]
HAL_UART_Transmit_DMA    0x800'3087   0x96  Code  Gb  stm32f4xx_hal_uart.o [1]
HCAN                    0x2000'ca44   0x28  Data  Gb  can_utils.o [1]
HEAP$$Base              0x2000'de00          --   Gb  - Linker created -
HEAP$$Limit             0x2000'ee00          --   Gb  - Linker created -
HardFault_Handler        0x800'87f3    0x2  Code  Gb  stm32f4xx_it.o [1]
HashTable_create         0x800'74ff   0x5c  Code  Gb  hash.o [1]
HashTable_get            0x800'75f5   0x60  Code  Gb  hash.o [1]
HashTable_insert         0x800'755b   0x9a  Code  Gb  hash.o [1]
HashTable_map            0x800'7655   0x74  Code  Gb  hash.o [1]
LoadInt                  0x800'138b   0x7a  Code  Lc  xprintffull.o [2]
MX_ADC1_Init             0x800'5015   0x9e  Code  Gb  adc.o [1]
MX_CAN1_Init             0x800'5175   0x46  Code  Gb  can.o [1]
MX_DMA_Init              0x800'4f4d   0xc8  Code  Gb  dma.o [1]
MX_GPIO_Init             0x800'4de5  0x168  Code  Gb  gpio.o [1]
MX_UART4_Init            0x800'3969   0x38  Code  Gb  usart.o [1]
MX_UART5_Init            0x800'39a1   0x38  Code  Gb  usart.o [1]
MX_USART1_UART_Init      0x800'39d9   0x38  Code  Gb  usart.o [1]
MX_USART2_UART_Init      0x800'3a11   0x38  Code  Gb  usart.o [1]
MX_USART3_UART_Init      0x800'3a49   0x38  Code  Gb  usart.o [1]
MX_USART6_UART_Init      0x800'3a81   0x38  Code  Gb  usart.o [1]
MemManage_Handler        0x800'87f5    0x2  Code  Gb  stm32f4xx_it.o [1]
NMI_Handler              0x800'87f1    0x2  Code  Gb  stm32f4xx_it.o [1]
NVIC_EncodePriority      0x800'4c85   0x40  Code  Lc  stm32f4xx_hal_cortex.o [1]
PendSV_Handler           0x800'87ff    0x2  Code  Gb  stm32f4xx_it.o [1]
Region$$Table$$Base      0x800'8b0c          --   Gb  - Linker created -
Region$$Table$$Limit     0x800'8b2c          --   Gb  - Linker created -
RxHeader                0x2000'cad8   0x1c  Data  Gb  can_utils.o [1]
SVC_Handler              0x800'87fb    0x2  Code  Gb  stm32f4xx_it.o [1]
SysTick_Config           0x800'4cc5   0x30  Code  Lc  stm32f4xx_hal_cortex.o [1]
SysTick_Handler          0x800'8801    0xc  Code  Gb  stm32f4xx_it.o [1]
SystemClock_Config       0x800'47cd   0xa2  Code  Gb  main.o [1]
SystemCoreClock         0x2000'0164    0x4  Data  Gb  system_stm32f4xx.o [1]
SystemInit               0x800'892d   0x40  Code  Gb  system_stm32f4xx.o [1]
TxHeader                0x2000'caf4   0x18  Data  Gb  can_utils.o [1]
UART5_IRQHandler         0x800'88a1   0x18  Code  Gb  stm32f4xx_it.o [1]
UART_DMAAbortOnError     0x800'3525   0x16  Code  Lc  stm32f4xx_hal_uart.o [1]
UART_DMAError            0x800'3429   0x58  Code  Lc  stm32f4xx_hal_uart.o [1]
UART_DMAReceiveCplt      0x800'33d5   0x44  Code  Lc  stm32f4xx_hal_uart.o [1]
UART_DMARxHalfCplt       0x800'3419    0xe  Code  Lc  stm32f4xx_hal_uart.o [1]
UART_DMATransmitCplt     0x800'3391   0x34  Code  Lc  stm32f4xx_hal_uart.o [1]
UART_DMATxHalfCplt       0x800'33c5    0xe  Code  Lc  stm32f4xx_hal_uart.o [1]
UART_EndRxTransfer       0x800'3503   0x20  Code  Lc  stm32f4xx_hal_uart.o [1]
UART_EndTransmit_IT      0x800'35ab   0x20  Code  Lc  stm32f4xx_hal_uart.o [1]
UART_EndTxTransfer       0x800'34ef   0x14  Code  Lc  stm32f4xx_hal_uart.o [1]
UART_Receive_IT          0x800'35cb   0xae  Code  Lc  stm32f4xx_hal_uart.o [1]
UART_SetConfig           0x800'3679  0x2e2  Code  Lc  stm32f4xx_hal_uart.o [1]
UART_Transmit_IT         0x800'353d   0x6e  Code  Lc  stm32f4xx_hal_uart.o [1]
UART_WaitOnFlagUntilTimeout
                         0x800'3481   0x6e  Code  Lc  stm32f4xx_hal_uart.o [1]
USART1_IRQHandler        0x800'8849   0x1a  Code  Gb  stm32f4xx_it.o [1]
USART2_IRQHandler        0x800'8863   0x1a  Code  Gb  stm32f4xx_it.o [1]
USART3_IRQHandler        0x800'887d   0x1a  Code  Gb  stm32f4xx_it.o [1]
UsageFault_Handler       0x800'87f9    0x2  Code  Gb  stm32f4xx_it.o [1]
_Encoding_8859_1_Mbrlen
                         0x800'2259    0x2  Code  Gb  xencoding_8859_1.o [2]
_Encoding_8859_1_Wctomb
                         0x800'2247   0x12  Code  Gb  xencoding_8859_1.o [2]
_GenldFull               0x800'1e1d  0x274  Code  Lc  xprintffull.o [2]
_LdtobFull               0x800'19f1  0x400  Code  Lc  xprintffull.o [2]
_LitobFull               0x800'1899  0x112  Code  Lc  xprintffull.o [2]
_LocaleC_isalpha         0x800'2183    0xc  Code  Gb  xlocale_c.o [2]
_LocaleC_islower         0x800'217d    0x4  Code  Gb  xlocale_c.o [2]
_LocaleC_isspace         0x800'2199   0x14  Code  Gb  xlocale_c.o [2]
_LocaleC_isupper         0x800'2181    0x2  Code  Gb  xlocale_c.o [2]
_LocaleC_tolower         0x800'21ad    0xc  Code  Gb  xlocale_c.o [2]
_Locale_lconv           0x2000'0178   0x38  Data  Lc  xlocale_c.o [2]
_PrintfFull              0x800'11c9  0x1aa  Code  Gb  xprintffull.o [2]
_PutcharsFull            0x800'2091   0x2e  Code  Lc  xprintffull.o [2]
_PutfldFull              0x800'1405  0x2d8  Code  Lc  xprintffull.o [2]
_PutstrFull              0x800'17d3   0xc6  Code  Lc  xprintffull.o [2]
_PuttxtFull              0x800'16dd   0xf6  Code  Lc  xprintffull.o [2]
_SNProut                 0x800'22db   0x1a  Code  Gb  xsnprout.o [2]
_Strtok_ssave           0x2000'cbf4    0x4  Data  Lc  strtok.o [2]
__NVIC_EnableIRQ         0x800'4c3b   0x1e  Code  Lc  stm32f4xx_hal_cortex.o [1]
__NVIC_GetPriorityGrouping
                         0x800'4c2f    0xc  Code  Lc  stm32f4xx_hal_cortex.o [1]
__NVIC_SetPriority       0x800'4c59   0x2c  Code  Lc  stm32f4xx_hal_cortex.o [1]
__NVIC_SetPriorityGrouping
                         0x800'4c0d   0x22  Code  Lc  stm32f4xx_hal_cortex.o [1]
__aeabi_assert           0x800'7c9d   0x24  Code  Gb  ABIassert.o [5]
__aeabi_cdcmpeq          0x800'7c19         Code  Gb  DblCmpEq.o [3]
__aeabi_cdcmple          0x800'2845         Code  Gb  DblCmpLe.o [3]
__aeabi_cdrcmple         0x800'2875         Code  Gb  DblCmpGe.o [3]
__aeabi_d2f              0x800'79a1         Code  Gb  DblToFlt.o [3]
__aeabi_d2iz             0x800'29e1         Code  Gb  DblToS32.o [3]
__aeabi_d2uiz            0x800'2d6d         Code  Gb  DblToU32.o [3]
__aeabi_dadd             0x800'2db5         Code  Gb  DblAdd.o [3]
__aeabi_ddiv             0x800'2b25         Code  Gb  DblDiv.o [3]
__aeabi_dmul             0x800'2631         Code  Gb  DblMul.o [3]
__aeabi_dsub             0x800'2a41         Code  Gb  DblSub.o [3]
__aeabi_f2d              0x800'7431         Code  Gb  FltToDbl.o [3]
__aeabi_i2d              0x800'2a1d         Code  Gb  S32ToDbl.o [3]
__aeabi_ldiv0            0x800'2db1         Code  Gb  I64DivZer.o [4]
__aeabi_memclr4          0x800'4981         Code  Gb  ABImemclr4.o [4]
__aeabi_memcpy           0x800'2359         Code  Gb  ABImemcpy.o [4]
__aeabi_memcpy4          0x800'2379         Code  Gb  ABImemcpy.o [4]
__aeabi_memcpy8          0x800'2379         Code  Gb  ABImemcpy.o [4]
__aeabi_memset           0x800'76e9         Code  Gb  ABImemset.o [4]
__aeabi_ui2d             0x800'2d95         Code  Gb  U32ToDbl.o [3]
__aeabi_uldivmod         0x800'2401         Code  Gb  I64DivMod.o [4]
__cmain                  0x800'8c6d         Code  Gb  cmain.o [4]
__data_GetMemChunk       0x800'1189   0x2c  Code  Gb  xgetmemchunk.o [2]
__data_GetMemChunk::start
                        0x2000'cbfc    0x4  Data  Lc  xgetmemchunk.o [2]
__exit                   0x800'11b5   0x14  Code  Gb  exit.o [5]
__iar_Fail_s             0x800'2265   0x1c  Code  Gb  xfail_s.o [2]
__iar_Mbcurmax           0x800'234d    0xa  Code  Gb  xmbcurmax.o [2]
__iar_Memchr             0x800'22f5         Code  Gb  memchr.o [4]
__iar_Memset             0x800'76e9         Code  Gb  ABImemset.o [4]
__iar_Memset4_word       0x800'5c91         Code  Gb  ABImemset48.o [4]
__iar_Memset8_word       0x800'5c91         Code  Gb  ABImemset48.o [4]
__iar_Memset_word        0x800'76f1         Code  Gb  ABImemset.o [4]
__iar_Sto64              0x800'8079  0x19e  Code  Gb  strto64.o [3]
__iar_Stoflt             0x800'83fd  0x1c4  Code  Gb  iar_Stoflt.o [2]
__iar_Stopfx             0x800'82d9  0x122  Code  Gb  iar_Stopfx.o [2]
__iar_Stoulx             0x800'7aa5  0x112  Code  Gb  iar_Stoulx.o [2]
__iar_Stoxflt            0x800'85c1  0x1e6  Code  Gb  iar_Stoxflt.o [2]
__iar_Stoxflt::digits    0x800'87ac   0x18  Data  Lc  iar_Stoxflt.o [2]
__iar_Stoxflt::vals      0x800'87c4   0x18  Data  Lc  iar_Stoxflt.o [2]
__iar_Strchr             0x800'2231         Code  Gb  strchr.o [4]
__iar_dadd               0x800'2a51         Code  Gb  DblSub.o [3]
__iar_data_init3         0x800'8a0d   0x28  Code  Gb  data_init.o [4]
__iar_dlmalloc           0x800'0e4d  0x2b6  Code  Gb  dlmalloc.o [2]
__iar_dsub               0x800'2dc5         Code  Gb  DblAdd.o [3]
__iar_dsubStart          0x800'2dd7         Code  Gb  DblAdd.o [3]
__iar_frexp              0x800'27e1         Code  Gb  frexp.o [3]
__iar_frexpl             0x800'27e1         Code  Gb  frexp.o [3]
__iar_globLocale        0x2000'01b0   0x48  Data  Lc  xlocale_c.o [2]
__iar_global_Locale      0x800'21b9    0x4  Code  Gb  xlocale_c.o [2]
__iar_init_vfp           0x800'8ae9         Code  Gb  fpinit_M.o [3]
__iar_ldexp64            0x800'28a5         Code  Gb  ldexp.o [3]
__iar_lz77_init_single3
                         0x800'110f   0x7a  Code  Gb  lz77_init_single.o [4]
__iar_program_start      0x800'91e1         Code  Gb  cstartup_M.o [4]
__iar_scalbln64          0x800'28a5         Code  Gb  ldexp.o [3]
__iar_scalbn64           0x800'28a5         Code  Gb  ldexp.o [3]
__iar_softfp___iar_frexp64
                         0x800'27d5         Code  Gb  frexp.o [3]
__iar_softfp_frexp       0x800'27d5         Code  Gb  frexp.o [3]
__iar_softfp_frexpl      0x800'27d5         Code  Gb  frexp.o [3]
__iar_vfp_atof           0x800'7997    0x8  Code  Gb  math_wrappers64.o [3]
__iar_zero_init3         0x800'2143   0x3a  Code  Gb  zero_init3.o [4]
__low_level_init         0x800'8c8b    0x4  Code  Gb  low_level_init.o [2]
__vector_table           0x800'0000         Data  Gb  startup_stm32f407xx.o [1]
_call_main               0x800'8c79         Code  Gb  cmain.o [4]
_cmd_help                0x800'5b6d   0x18  Code  Lc  cmd.o [1]
_exit                    0x800'8c95         Code  Gb  cexit.o [4]
_gLocale_mblen           0x800'221d    0x4  Code  Gb  xlocale_c.o [2]
_gLocale_mblenInt        0x800'21e1   0x2c  Code  Gb  xlocale_c.o [2]
_gLocale_wctomb          0x800'2221    0x4  Code  Gb  xlocale_c.o [2]
_gLocale_wctombInt       0x800'2219    0x4  Code  Gb  xlocale_c.o [2]
_gm_                    0x2000'bd7c  0x1d8  Data  Lc  dlmalloc.o [2]
_main                    0x800'8c87         Code  Gb  cmain.o [4]
abort                    0x800'1109    0x6  Code  Gb  abort.o [2]
add_segment              0x800'0551  0x1f2  Code  Lc  dlmalloc.o [2]
atof                     0x800'825d    0x8  Code  Gb  strto64.o [3]
atoi                     0x800'7bbd    0x2  Code  Gb  iar_Stoulx.o [2]
buffer_count            0x2000'cba0    0x4  Data  Gb  cmd.o [1]
can_callback_add         0x800'726d   0x1e  Code  Gb  can_utils.o [1]
can_callback_table      0x2000'cb98    0x4  Data  Lc  can_utils.o [1]
can_exc_callback         0x800'728b   0x28  Code  Gb  can_utils.o [1]
can_exc_callback_flag   0x2000'cba8    0x4  Data  Gb  flags.o [1]
can_func_init            0x800'7411    0xe  Code  Gb  can_func.o [1]
can_id_init              0x800'52a5   0x30  Code  Gb  configure.o [1]
can_init                 0x800'7239   0x34  Code  Gb  can_utils.o [1]
can_rx_callback_flag    0x2000'cb90    0x4  Data  Gb  can_utils.o [1]
can_rx_data             0x2000'cb78    0x8  Data  Gb  can_utils.o [1]
can_std_mask_filter_conf
                         0x800'736d   0x8a  Code  Gb  can_utils.o [1]
can_suc_rx               0x800'7421    0xc  Code  Gb  can_func.o [1]
chassis                 0x2000'c6b4   0x58  Data  Gb  chassis.o [1]
chassis_status          0x2000'cab8   0x20  Data  Gb  chassis.o [1]
clock                   0x2000'cb88    0x8  Data  Gb  main.o [1]
cmd_add                  0x800'5a91   0x54  Code  Gb  cmd.o [1]
cmd_argv                0x2000'c9ec   0x30  Data  Gb  cmd.o [1]
cmd_chassis_move         0x800'6eed   0x60  Code  Gb  cmd_func.o [1]
cmd_exec                 0x800'5a45   0x2c  Code  Gb  cmd.o [1]
cmd_func_init            0x800'6f4d  0x11e  Code  Gb  cmd_func.o [1]
cmd_gpio_all             0x800'6c45   0x40  Code  Gb  cmd_func.o [1]
cmd_gpio_cylinder        0x800'6bf5   0x24  Code  Gb  cmd_func.o [1]
cmd_gpio_infrared        0x800'6c2f   0x16  Code  Gb  cmd_func.o [1]
cmd_gpio_magnet          0x800'6bd1   0x24  Code  Gb  cmd_func.o [1]
cmd_gpio_microswitch     0x800'6c19   0x16  Code  Gb  cmd_func.o [1]
cmd_hello                0x800'6919   0x10  Code  Gb  cmd_func.o [1]
cmd_help_func            0x800'5a75   0x1c  Code  Gb  cmd.o [1]
cmd_init                 0x800'5899   0x2e  Code  Gb  cmd.o [1]
cmd_kickball_auto        0x800'6c85   0x78  Code  Gb  cmd_func.o [1]
cmd_kickball_kick        0x800'6ddf   0x14  Code  Gb  cmd_func.o [1]
cmd_kickball_m2006       0x800'6cfd   0x30  Code  Gb  cmd_func.o [1]
cmd_kickball_prepare     0x800'6d9b   0x18  Code  Gb  cmd_func.o [1]
cmd_kickball_pull_magnet
                         0x800'6db3   0x16  Code  Gb  cmd_func.o [1]
cmd_kickball_stop_magnet
                         0x800'6dc9   0x16  Code  Gb  cmd_func.o [1]
cmd_kickball_vesc        0x800'6d2d   0x6e  Code  Gb  cmd_func.o [1]
cmd_laser_print_diatance
                         0x800'6a83    0xc  Code  Gb  cmd_func.o [1]
cmd_laser_print_pos      0x800'6a8f    0xc  Code  Gb  cmd_func.o [1]
cmd_m2006                0x800'6aa7   0x54  Code  Gb  cmd_func.o [1]
cmd_parse                0x800'59fd   0x48  Code  Gb  cmd.o [1]
cmd_point_print_path     0x800'6a9b    0xc  Code  Gb  cmd_func.o [1]
cmd_table               0x2000'cb9c    0x4  Data  Lc  cmd.o [1]
cmd_touchdown_auto       0x800'6df3   0x42  Code  Gb  cmd_func.o [1]
cmd_touchdown_close      0x800'6e7f   0x4a  Code  Gb  cmd_func.o [1]
cmd_touchdown_open       0x800'6e35   0x4a  Code  Gb  cmd_func.o [1]
cmd_touchdown_try        0x800'6ec9   0x24  Code  Gb  cmd_func.o [1]
cmd_vega_calibrate       0x800'6a77    0xc  Code  Gb  cmd_func.o [1]
cmd_vega_correct_pos     0x800'69bb   0xbc  Code  Gb  cmd_func.o [1]
cmd_vega_print_pos       0x800'6929    0xc  Code  Gb  cmd_func.o [1]
cmd_vega_reset           0x800'69af    0xc  Code  Gb  cmd_func.o [1]
cmd_vega_set_position    0x800'6935   0x7a  Code  Gb  cmd_func.o [1]
cmd_vesc                 0x800'6afb   0xd6  Code  Gb  cmd_func.o [1]
cmpAtom                  0x800'74c5    0xe  Code  Lc  hash.o [1]
cylinder_state          0x2000'cbe4    0x4  Data  Gb  sensor_gpio.o [1]
ddiv                     0x800'7dfd   0xc8  Code  Lc  strto64.o [3]
delim                   0x2000'0004    0x4  Data  Lc  cmd.o [1]
digits                   0x800'7bc8   0x28  Data  Lc  iar_Stoulx.o [2]
dmul                     0x800'7d31   0xca  Code  Lc  strto64.o [3]
exit                     0x800'8c8f    0x4  Code  Gb  exit.o [2]
flag                    0x2000'ca94   0x24  Data  Gb  main.o [1]
freeKeyAtom              0x800'74d7    0x2  Code  Lc  hash.o [1]
hadc1                   0x2000'c70c   0x48  Data  Gb  adc.o [1]
hashAtom                 0x800'74d3    0x4  Code  Lc  hash.o [1]
hashStr                  0x800'74d9   0x26  Code  Gb  hash.o [1]
hash_id                  0x800'73f9    0x4  Code  Lc  can_utils.o [1]
hcan1                   0x2000'ca1c   0x28  Data  Gb  can.o [1]
hdma_adc1               0x2000'c354   0x60  Data  Gb  adc.o [1]
hdma_uart5_rx           0x2000'c3b4   0x60  Data  Gb  usart.o [1]
hdma_uart5_tx           0x2000'c414   0x60  Data  Gb  usart.o [1]
hdma_usart1_rx          0x2000'c474   0x60  Data  Gb  usart.o [1]
hdma_usart1_tx          0x2000'c4d4   0x60  Data  Gb  usart.o [1]
hdma_usart2_rx          0x2000'c534   0x60  Data  Gb  usart.o [1]
hdma_usart2_tx          0x2000'c594   0x60  Data  Gb  usart.o [1]
hdma_usart3_rx          0x2000'c5f4   0x60  Data  Gb  usart.o [1]
hdma_usart3_tx          0x2000'c654   0x60  Data  Gb  usart.o [1]
huart1                  0x2000'c8ec   0x40  Data  Gb  usart.o [1]
huart2                  0x2000'c92c   0x40  Data  Gb  usart.o [1]
huart3                  0x2000'c96c   0x40  Data  Gb  usart.o [1]
huart4                  0x2000'c86c   0x40  Data  Gb  usart.o [1]
huart5                  0x2000'c8ac   0x40  Data  Gb  usart.o [1]
huart6                  0x2000'c9ac   0x40  Data  Gb  usart.o [1]
id_cmp                   0x800'73fd   0x10  Code  Lc  can_utils.o [1]
inc                      0x800'486f   0xe0  Code  Gb  main.o [1]
infrared_state          0x2000'015c    0x4  Data  Gb  sensor_gpio.o [1]
init_mparams             0x800'01a3   0x32  Code  Lc  dlmalloc.o [2]
init_top                 0x800'01d5   0x36  Code  Lc  dlmalloc.o [2]
isalpha                  0x800'87dd   0x14  Code  Gb  isalpha.o [2]
isspace                  0x800'82b1   0x14  Code  Gb  isspace.o [2]
kick_current            0x2000'cbd8    0x4  Data  Gb  motor_driver.o [1]
kickball_M2006_set_current
                         0x800'7c39    0x8  Code  Gb  kickball.o [1]
kickball_VESC_set_loosen_duty
                         0x800'7c41   0x16  Code  Gb  kickball.o [1]
kickball_VESC_set_pull_current
                         0x800'7c57   0x16  Code  Gb  kickball.o [1]
kickball_auto           0x2000'0008    0x4  Data  Gb  kickball.o [1]
kickball_kick_flag      0x2000'cbb8    0x4  Data  Gb  kickball.o [1]
kickball_num            0x2000'cbc4    0x4  Data  Gb  kickball.o [1]
kickball_prepare_flag   0x2000'cbb0    0x4  Data  Gb  kickball.o [1]
kickball_pull_magnet_flag
                        0x2000'cbbc    0x4  Data  Gb  kickball.o [1]
kickball_ready_flag     0x2000'cbb4    0x4  Data  Gb  kickball.o [1]
kickball_stop_magnet_flag
                        0x2000'cbc0    0x4  Data  Gb  kickball.o [1]
laser_adc               0x2000'c0e4   0x78  Data  Gb  laser.o [1]
laser_calculate_kb       0x800'52e1   0x36  Code  Gb  laser.o [1]
laser_init               0x800'5319   0x70  Code  Gb  laser.o [1]
laser_left              0x2000'c754   0x48  Data  Gb  laser.o [1]
laser_print_distance     0x800'5389   0x3a  Code  Gb  laser.o [1]
laser_print_pos          0x800'53c3   0x38  Code  Gb  laser.o [1]
laser_right             0x2000'c7e4   0x48  Data  Gb  laser.o [1]
laser_side              0x2000'c79c   0x48  Data  Gb  laser.o [1]
lcd_add                  0x800'5445   0x38  Code  Gb  lcd.o [1]
lcd_init                 0x800'547d   0x24  Code  Gb  lcd.o [1]
lcd_msg                 0x2000'bf54  0x190  Data  Gb  lcd.o [1]
lcd_msg_length          0x2000'cbc8    0x4  Data  Lc  lcd.o [1]
ldexp                    0x800'28a5         Code  Gb  ldexp.o [3]
ldexpl                   0x800'28a5         Code  Gb  ldexp.o [3]
localeconv               0x800'2225    0x4  Code  Gb  xlocale_c.o [2]
magnet_state            0x2000'cbe0    0x4  Data  Gb  sensor_gpio.o [1]
main                     0x800'4771   0x5c  Code  Gb  main.o [1]
memchr                   0x800'22f5         Code  Gb  memchr.o [4]
microswitch_state       0x2000'cbdc    0x4  Data  Gb  sensor_gpio.o [1]
motor_init               0x800'52d5    0x8  Code  Gb  motor_driver.o [1]
mparams                 0x2000'cb3c   0x18  Data  Lc  dlmalloc.o [2]
ndigs                    0x800'7bf0   0x28  Data  Lc  iar_Stoulx.o [2]
pContainer              0x2000'000c  0x150  Data  Gb  point_parser.o [1]
point_print_path         0x800'7a09   0x92  Code  Gb  point_parser.o [1]
points_pos1             0x2000'01fc  0xfa0  Data  Gb  point.o [1]
points_pos10            0x2000'8e9c  0xfa0  Data  Gb  point.o [1]
points_pos11            0x2000'9e3c  0xfa0  Data  Gb  point.o [1]
points_pos12            0x2000'addc  0xfa0  Data  Gb  point.o [1]
points_pos2             0x2000'119c  0xfa0  Data  Gb  point.o [1]
points_pos3             0x2000'213c  0xfa0  Data  Gb  point.o [1]
points_pos4             0x2000'30dc  0xfa0  Data  Gb  point.o [1]
points_pos5             0x2000'407c  0xfa0  Data  Gb  point.o [1]
points_pos6             0x2000'501c  0xfa0  Data  Gb  point.o [1]
points_pos7             0x2000'5fbc  0xfa0  Data  Gb  point.o [1]
points_pos8             0x2000'6f5c  0xfa0  Data  Gb  point.o [1]
points_pos9             0x2000'7efc  0xfa0  Data  Gb  point.o [1]
posture                 0x2000'cb0c   0x18  Data  Lc  cmd.o [1]
pows                     0x800'8268   0x48  Data  Lc  strto64.o [3]
prepend_alloc            0x800'020b  0x346  Code  Lc  dlmalloc.o [2]
print_buffer            0x2000'c15c   0x68  Data  Gb  cmd.o [1]
recive_id               0x2000'cb64   0x10  Data  Gb  configure.o [1]
rx_buffer               0x2000'cb80    0x8  Data  Lc  can_utils.o [1]
rx_id                   0x2000'cb94    0x4  Data  Lc  can_utils.o [1]
scalbln                  0x800'28a5         Code  Gb  ldexp.o [3]
scalblnl                 0x800'28a5         Code  Gb  ldexp.o [3]
scalbn                   0x800'28a5         Code  Gb  ldexp.o [3]
scalbnl                  0x800'28a5         Code  Gb  ldexp.o [3]
scale                    0x800'19ab   0x46  Code  Lc  xprintffull.o [2]
sec_hand                0x2000'cbf8    0x4  Data  Lc  xfail_s.o [2]
segment_holding          0x800'0189   0x1a  Code  Lc  dlmalloc.o [2]
send_id                 0x2000'cb54   0x10  Data  Gb  configure.o [1]
simplelib_init           0x800'5249   0x2a  Code  Gb  simplelib.o [1]
simplelib_run            0x800'5273   0x24  Code  Gb  simplelib.o [1]
std_id                  0x2000'0000    0x4  Data  Gb  can_utils.o [1]
str_cmp                  0x800'5b51   0x1c  Code  Lc  cmd.o [1]
strchr                   0x800'2231         Code  Gb  strchr.o [4]
strcmp                   0x800'77d9         Code  Gb  strcmp.o [4]
strcpy                   0x800'7479         Code  Gb  strcpy.o [4]
strcspn                  0x800'7ce3   0x22  Code  Gb  strcspn.o [2]
strlen                   0x800'22a5         Code  Gb  strlen.o [4]
strspn                   0x800'7cc1   0x22  Code  Gb  strspn.o [2]
strtok                   0x800'7751   0x4c  Code  Gb  strtok.o [2]
sys_alloc                0x800'0749  0x164  Code  Lc  dlmalloc.o [2]
test_flag0              0x2000'cbd0    0x4  Data  Gb  main.o [1]
test_value              0x2000'ca6c   0x28  Data  Gb  main.o [1]
time_1ms_cnt            0x2000'cbcc    0x4  Data  Lc  main.o [1]
tmalloc_large            0x800'08b9  0x386  Code  Lc  dlmalloc.o [2]
tmalloc_small            0x800'0c3f  0x200  Code  Lc  dlmalloc.o [2]
tolower                  0x800'82c5   0x14  Code  Gb  tolower.o [2]
touchdown_auto_flag     0x2000'0168    0x4  Data  Gb  touchdown.o [1]
touchdown_current       0x2000'cbd4    0x4  Data  Gb  motor_driver.o [1]
touchdown_m2006_close    0x800'7c87   0x12  Code  Gb  touchdown.o [1]
touchdown_m2006_open     0x800'7c75   0x12  Code  Gb  touchdown.o [1]
touchdown_ready_flag    0x2000'cbec    0x4  Data  Gb  touchdown.o [1]
touchdown_try_flag      0x2000'cbf0    0x4  Data  Gb  touchdown.o [1]
uprintf                  0x800'5ae5   0x36  Code  Gb  cmd.o [1]
uprintf_to               0x800'5b1b   0x34  Code  Gb  cmd.o [1]
usart_DMA_init           0x800'584d   0x4c  Code  Gb  cmd.o [1]
usart_exc_DMA            0x800'58c7   0x3e  Code  Gb  cmd.o [1]
usart_exc_DMA_vega       0x800'5b85   0xb2  Code  Gb  cmd.o [1]
uwTick                  0x2000'cbe8    0x4  Data  Gb  stm32f4xx_hal.o [1]
uwTickFreq              0x2000'01f8    0x1  Data  Gb  stm32f4xx_hal.o [1]
uwTickPrio              0x2000'0160    0x4  Data  Gb  stm32f4xx_hal.o [1]
vega_calibration         0x800'7841   0x1c  Code  Gb  vega.o [1]
vega_correct_pos         0x800'78c7   0x60  Code  Gb  vega.o [1]
vega_in_coordinate      0x2000'016c    0xc  Data  Gb  vega.o [1]
vega_print_pos           0x800'7927   0x3a  Code  Gb  vega.o [1]
vega_reset               0x800'785d   0x1c  Code  Gb  vega.o [1]
vega_set_position        0x800'7879   0x4e  Code  Gb  vega.o [1]
vesc                    0x2000'cb24   0x18  Data  Gb  motor_driver.o [1]
vsnprintf                0x800'779d   0x3c  Code  Gb  vsnprint.o [2]


[1] = E:\Robocon_Value\Chassis\EWARM\Chassis\Obj
[2] = dl7M_tlf.a
[3] = m7M_tls.a
[4] = rt7M_tl.a
[5] = shb_l.a

  35 588 bytes of readonly  code memory
   2 365 bytes of readonly  data memory
  60 925 bytes of readwrite data memory

Errors: none
Warnings: none
